This is pdfTeX, Version 3.141592653-2.6-1.40.26 (TeX Live 2025/dev/Debian) (preloaded format=pdflatex 2026.6.14)  14 JUL 2026 08:08
entering extended mode
 restricted \write18 enabled.
 %&-line parsing enabled.
**latex/00_informe_completo_entregables_iso25022_grupo6.tex
(./latex/00_informe_completo_entregables_iso25022_grupo6.tex
LaTeX2e <2024-11-01> patch level 2
L3 programming layer <2025-01-18>
(/usr/share/texlive/texmf-dist/tex/latex/base/article.cls
Document Class: article 2024/06/29 v1.4n Standard LaTeX document class
(/usr/share/texlive/texmf-dist/tex/latex/base/size11.clo
File: size11.clo 2024/06/29 v1.4n Standard LaTeX file (size option)
)
\c@part=\count196
\c@section=\count197
\c@subsection=\count198
\c@subsubsection=\count199
\c@paragraph=\count266
\c@subparagraph=\count267
\c@figure=\count268
\c@table=\count269
\abovecaptionskip=\skip49
\belowcaptionskip=\skip50
\bibindent=\dimen141
)
(/usr/share/texlive/texmf-dist/tex/latex/base/inputenc.sty
Package: inputenc 2024/02/08 v1.3d Input encoding file
\inpenc@prehook=\toks17
\inpenc@posthook=\toks18
)
(/usr/share/texlive/texmf-dist/tex/latex/base/fontenc.sty
Package: fontenc 2021/04/29 v2.0v Standard LaTeX package
)
(/usr/share/texlive/texmf-dist/tex/latex/geometry/geometry.sty
Package: geometry 2020/01/02 v5.9 Page Geometry

(/usr/share/texlive/texmf-dist/tex/latex/graphics/keyval.sty
Package: keyval 2022/05/29 v1.15 key=value parser (DPC)
\KV@toks@=\toks19
)
(/usr/share/texlive/texmf-dist/tex/generic/iftex/ifvtex.sty
Package: ifvtex 2019/10/25 v1.7 ifvtex legacy package. Use iftex instead.

(/usr/share/texlive/texmf-dist/tex/generic/iftex/iftex.sty
Package: iftex 2024/12/12 v1.0g TeX engine tests
))
\Gm@cnth=\count270
\Gm@cntv=\count271
\c@Gm@tempcnt=\count272
\Gm@bindingoffset=\dimen142
\Gm@wd@mp=\dimen143
\Gm@odd@mp=\dimen144
\Gm@even@mp=\dimen145
\Gm@layoutwidth=\dimen146
\Gm@layoutheight=\dimen147
\Gm@layouthoffset=\dimen148
\Gm@layoutvoffset=\dimen149
\Gm@dimlist=\toks20
)
(/usr/share/texlive/texmf-dist/tex/latex/tools/array.sty
Package: array 2024/10/17 v2.6g Tabular extension package (FMi)
\col@sep=\dimen150
\ar@mcellbox=\box52
\extrarowheight=\dimen151
\NC@list=\toks21
\extratabsurround=\skip51
\backup@length=\skip52
\ar@cellbox=\box53
)
(/usr/share/texlive/texmf-dist/tex/latex/booktabs/booktabs.sty
Package: booktabs 2020/01/12 v1.61803398 Publication quality tables
\heavyrulewidth=\dimen152
\lightrulewidth=\dimen153
\cmidrulewidth=\dimen154
\belowrulesep=\dimen155
\belowbottomsep=\dimen156
\aboverulesep=\dimen157
\abovetopsep=\dimen158
\cmidrulesep=\dimen159
\cmidrulekern=\dimen160
\defaultaddspace=\dimen161
\@cmidla=\count273
\@cmidlb=\count274
\@aboverulesep=\dimen162
\@belowrulesep=\dimen163
\@thisruleclass=\count275
\@lastruleclass=\count276
\@thisrulewidth=\dimen164
)
(/usr/share/texlive/texmf-dist/tex/latex/caption/caption.sty
Package: caption 2023/08/05 v3.6o Customizing captions (AR)

(/usr/share/texlive/texmf-dist/tex/latex/caption/caption3.sty
Package: caption3 2023/07/31 v2.4d caption3 kernel (AR)
\caption@tempdima=\dimen165
\captionmargin=\dimen166
\caption@leftmargin=\dimen167
\caption@rightmargin=\dimen168
\caption@width=\dimen169
\caption@indent=\dimen170
\caption@parindent=\dimen171
\caption@hangindent=\dimen172
Package caption Info: Standard document class detected.
)
\c@caption@flags=\count277
\c@continuedfloat=\count278
)
(/usr/share/texlive/texmf-dist/tex/latex/graphics/graphicx.sty
Package: graphicx 2021/09/16 v1.2d Enhanced LaTeX Graphics (DPC,SPQR)

(/usr/share/texlive/texmf-dist/tex/latex/graphics/graphics.sty
Package: graphics 2024/08/06 v1.4g Standard LaTeX Graphics (DPC,SPQR)

(/usr/share/texlive/texmf-dist/tex/latex/graphics/trig.sty
Package: trig 2023/12/02 v1.11 sin cos tan (DPC)
)
(/usr/share/texlive/texmf-dist/tex/latex/graphics-cfg/graphics.cfg
File: graphics.cfg 2016/06/04 v1.11 sample graphics configuration
)
Package graphics Info: Driver file: pdftex.def on input line 106.

(/usr/share/texlive/texmf-dist/tex/latex/graphics-def/pdftex.def
File: pdftex.def 2024/04/13 v1.2c Graphics/color driver for pdftex
))
\Gin@req@height=\dimen173
\Gin@req@width=\dimen174
)
(/usr/share/texlive/texmf-dist/tex/latex/hyperref/hyperref.sty
Package: hyperref 2024-11-05 v7.01l Hypertext links for LaTeX

(/usr/share/texlive/texmf-dist/tex/latex/kvsetkeys/kvsetkeys.sty
Package: kvsetkeys 2022-10-05 v1.19 Key value parser (HO)
)
(/usr/share/texlive/texmf-dist/tex/generic/kvdefinekeys/kvdefinekeys.sty
Package: kvdefinekeys 2019-12-19 v1.6 Define keys (HO)
)
(/usr/share/texlive/texmf-dist/tex/generic/pdfescape/pdfescape.sty
Package: pdfescape 2019/12/09 v1.15 Implements pdfTeX's escape features (HO)

(/usr/share/texlive/texmf-dist/tex/generic/ltxcmds/ltxcmds.sty
Package: ltxcmds 2023-12-04 v1.26 LaTeX kernel commands for general use (HO)
)
(/usr/share/texlive/texmf-dist/tex/generic/pdftexcmds/pdftexcmds.sty
Package: pdftexcmds 2020-06-27 v0.33 Utility functions of pdfTeX for LuaTeX (HO
)

(/usr/share/texlive/texmf-dist/tex/generic/infwarerr/infwarerr.sty
Package: infwarerr 2019/12/03 v1.5 Providing info/warning/error messages (HO)
)
Package pdftexcmds Info: \pdf@primitive is available.
Package pdftexcmds Info: \pdf@ifprimitive is available.
Package pdftexcmds Info: \pdfdraftmode found.
))
(/usr/share/texlive/texmf-dist/tex/latex/hycolor/hycolor.sty
Package: hycolor 2020-01-27 v1.10 Color options for hyperref/bookmark (HO)
)
(/usr/share/texlive/texmf-dist/tex/latex/hyperref/nameref.sty
Package: nameref 2023-11-26 v2.56 Cross-referencing by name of section

(/usr/share/texlive/texmf-dist/tex/latex/refcount/refcount.sty
Package: refcount 2019/12/15 v3.6 Data extraction from label references (HO)
)
(/usr/share/texlive/texmf-dist/tex/generic/gettitlestring/gettitlestring.sty
Package: gettitlestring 2019/12/15 v1.6 Cleanup title references (HO)

(/usr/share/texlive/texmf-dist/tex/latex/kvoptions/kvoptions.sty
Package: kvoptions 2022-06-15 v3.15 Key value format for package options (HO)
))
\c@section@level=\count279
)
(/usr/share/texlive/texmf-dist/tex/latex/etoolbox/etoolbox.sty
Package: etoolbox 2025/02/11 v2.5l e-TeX tools for LaTeX (JAW)
\etb@tempcnta=\count280
)
(/usr/share/texlive/texmf-dist/tex/generic/stringenc/stringenc.sty
Package: stringenc 2019/11/29 v1.12 Convert strings between diff. encodings (HO
)
)
\@linkdim=\dimen175
\Hy@linkcounter=\count281
\Hy@pagecounter=\count282

(/usr/share/texlive/texmf-dist/tex/latex/hyperref/pd1enc.def
File: pd1enc.def 2024-11-05 v7.01l Hyperref: PDFDocEncoding definition (HO)
Now handling font encoding PD1 ...
... no UTF-8 mapping file for font encoding PD1
)
(/usr/share/texlive/texmf-dist/tex/generic/intcalc/intcalc.sty
Package: intcalc 2019/12/15 v1.3 Expandable calculations with integers (HO)
)
\Hy@SavedSpaceFactor=\count283

(/usr/share/texlive/texmf-dist/tex/latex/hyperref/puenc.def
File: puenc.def 2024-11-05 v7.01l Hyperref: PDF Unicode definition (HO)
Now handling font encoding PU ...
... no UTF-8 mapping file for font encoding PU
)
Package hyperref Info: Hyper figures OFF on input line 4157.
Package hyperref Info: Link nesting OFF on input line 4162.
Package hyperref Info: Hyper index ON on input line 4165.
Package hyperref Info: Plain pages OFF on input line 4172.
Package hyperref Info: Backreferencing OFF on input line 4177.
Package hyperref Info: Implicit mode ON; LaTeX internals redefined.
Package hyperref Info: Bookmarks ON on input line 4424.
\c@Hy@tempcnt=\count284

(/usr/share/texlive/texmf-dist/tex/latex/url/url.sty
\Urlmuskip=\muskip17
Package: url 2013/09/16  ver 3.4  Verb mode for urls, etc.
)
LaTeX Info: Redefining \url on input line 4763.
\XeTeXLinkMargin=\dimen176

(/usr/share/texlive/texmf-dist/tex/generic/bitset/bitset.sty
Package: bitset 2019/12/09 v1.3 Handle bit-vector datatype (HO)

(/usr/share/texlive/texmf-dist/tex/generic/bigintcalc/bigintcalc.sty
Package: bigintcalc 2019/12/15 v1.5 Expandable calculations on big integers (HO
)
))
\Fld@menulength=\count285
\Field@Width=\dimen177
\Fld@charsize=\dimen178
Package hyperref Info: Hyper figures OFF on input line 6042.
Package hyperref Info: Link nesting OFF on input line 6047.
Package hyperref Info: Hyper index ON on input line 6050.
Package hyperref Info: backreferencing OFF on input line 6057.
Package hyperref Info: Link coloring OFF on input line 6062.
Package hyperref Info: Link coloring with OCG OFF on input line 6067.
Package hyperref Info: PDF/A mode OFF on input line 6072.

(/usr/share/texlive/texmf-dist/tex/latex/base/atbegshi-ltx.sty
Package: atbegshi-ltx 2021/01/10 v1.0c Emulation of the original atbegshi
package with kernel methods
)
\Hy@abspage=\count286
\c@Item=\count287
\c@Hfootnote=\count288
)
Package hyperref Info: Driver (autodetected): hpdftex.

(/usr/share/texlive/texmf-dist/tex/latex/hyperref/hpdftex.def
File: hpdftex.def 2024-11-05 v7.01l Hyperref driver for pdfTeX

(/usr/share/texlive/texmf-dist/tex/latex/base/atveryend-ltx.sty
Package: atveryend-ltx 2020/08/19 v1.0a Emulation of the original atveryend pac
kage
with kernel methods
)
\Fld@listcount=\count289
\c@bookmark@seq@number=\count290

(/usr/share/texlive/texmf-dist/tex/latex/rerunfilecheck/rerunfilecheck.sty
Package: rerunfilecheck 2022-07-10 v1.10 Rerun checks for auxiliary files (HO)

(/usr/share/texlive/texmf-dist/tex/generic/uniquecounter/uniquecounter.sty
Package: uniquecounter 2019/12/15 v1.4 Provide unlimited unique counter (HO)
)
Package uniquecounter Info: New unique counter `rerunfilecheck' on input line 2
85.
)
\Hy@SectionHShift=\skip53
)
(/usr/share/texlive/texmf-dist/tex/latex/tools/longtable.sty
Package: longtable 2024-10-27 v4.22 Multi-page Table package (DPC)
\LTleft=\skip54
\LTright=\skip55
\LTpre=\skip56
\LTpost=\skip57
\LTchunksize=\count291
\LTcapwidth=\dimen179
\LT@head=\box54
\LT@firsthead=\box55
\LT@foot=\box56
\LT@lastfoot=\box57
\LT@gbox=\box58
\LT@cols=\count292
\LT@rows=\count293
\c@LT@tables=\count294
\c@LT@chunks=\count295
\LT@p@ftn=\toks22
)
(/usr/share/texlive/texmf-dist/tex/latex/tools/tabularx.sty
Package: tabularx 2023/12/11 v2.12a `tabularx' package (DPC)
\TX@col@width=\dimen180
\TX@old@table=\dimen181
\TX@old@col=\dimen182
\TX@target=\dimen183
\TX@delta=\dimen184
\TX@cols=\count296
\TX@ftn=\toks23
)
(/usr/share/texlive/texmf-dist/tex/latex/l3backend/l3backend-pdftex.def
File: l3backend-pdftex.def 2024-05-08 L3 backend support: PDF output (pdfTeX)
\l__color_backend_stack_int=\count297
\l__pdf_internal_box=\box59
)
(latex/00_informe_completo_entregables_iso25022_grupo6.aux)
\openout1 = `00_informe_completo_entregables_iso25022_grupo6.aux'.

LaTeX Font Info:    Checking defaults for OML/cmm/m/it on input line 27.
LaTeX Font Info:    ... okay on input line 27.
LaTeX Font Info:    Checking defaults for OMS/cmsy/m/n on input line 27.
LaTeX Font Info:    ... okay on input line 27.
LaTeX Font Info:    Checking defaults for OT1/cmr/m/n on input line 27.
LaTeX Font Info:    ... okay on input line 27.
LaTeX Font Info:    Checking defaults for T1/cmr/m/n on input line 27.
LaTeX Font Info:    ... okay on input line 27.
LaTeX Font Info:    Checking defaults for TS1/cmr/m/n on input line 27.
LaTeX Font Info:    ... okay on input line 27.
LaTeX Font Info:    Checking defaults for OMX/cmex/m/n on input line 27.
LaTeX Font Info:    ... okay on input line 27.
LaTeX Font Info:    Checking defaults for U/cmr/m/n on input line 27.
LaTeX Font Info:    ... okay on input line 27.
LaTeX Font Info:    Checking defaults for PD1/pdf/m/n on input line 27.
LaTeX Font Info:    ... okay on input line 27.
LaTeX Font Info:    Checking defaults for PU/pdf/m/n on input line 27.
LaTeX Font Info:    ... okay on input line 27.

*geometry* driver: auto-detecting
*geometry* detected driver: pdftex
*geometry* verbose mode - [ preamble ] result:
* driver: pdftex
* paper: a4paper
* layout: <same size as paper>
* layoutoffset:(h,v)=(0.0pt,0.0pt)
* modes: 
* h-part:(L,W,R)=(44.10185pt, 509.30417pt, 44.10185pt)
* v-part:(T,H,B)=(44.10185pt, 756.84314pt, 44.10185pt)
* \paperwidth=597.50787pt
* \paperheight=845.04684pt
* \textwidth=509.30417pt
* \textheight=756.84314pt
* \oddsidemargin=-28.16814pt
* \evensidemargin=-28.16814pt
* \topmargin=-65.16814pt
* \headheight=12.0pt
* \headsep=25.0pt
* \topskip=11.0pt
* \footskip=30.0pt
* \marginparwidth=59.0pt
* \marginparsep=10.0pt
* \columnsep=10.0pt
* \skip\footins=10.0pt plus 4.0pt minus 2.0pt
* \hoffset=0.0pt
* \voffset=0.0pt
* \mag=1000
* \@twocolumnfalse
* \@twosidefalse
* \@mparswitchfalse
* \@reversemarginfalse
* (1in=72.27pt=25.4mm, 1cm=28.453pt)

Package caption Info: Begin \AtBeginDocument code.
Package caption Info: hyperref package is loaded.
Package caption Info: longtable package is loaded.
(/usr/share/texlive/texmf-dist/tex/latex/caption/ltcaption.sty
Package: ltcaption 2021/01/08 v1.4c longtable captions (AR)
)
Package caption Info: End \AtBeginDocument code.

(/usr/share/texlive/texmf-dist/tex/context/base/mkii/supp-pdf.mkii
[Loading MPS to PDF converter (version 2006.09.02).]
\scratchcounter=\count298
\scratchdimen=\dimen185
\scratchbox=\box60
\nofMPsegments=\count299
\nofMParguments=\count300
\everyMPshowfont=\toks24
\MPscratchCnt=\count301
\MPscratchDim=\dimen186
\MPnumerator=\count302
\makeMPintoPDFobject=\count303
\everyMPtoPDFconversion=\toks25
) (/usr/share/texlive/texmf-dist/tex/latex/epstopdf-pkg/epstopdf-base.sty
Package: epstopdf-base 2020-01-24 v2.11 Base part for package epstopdf
Package epstopdf-base Info: Redefining graphics rule for `.eps' on input line 4
85.

(/usr/share/texlive/texmf-dist/tex/latex/latexconfig/epstopdf-sys.cfg
File: epstopdf-sys.cfg 2010/07/13 v1.3 Configuration of (r)epstopdf for TeX Liv
e
))
Package hyperref Info: Link coloring OFF on input line 27.

(latex/00_informe_completo_entregables_iso25022_grupo6.out)
(latex/00_informe_completo_entregables_iso25022_grupo6.out)
\@outlinefile=\write3
\openout3 = `00_informe_completo_entregables_iso25022_grupo6.out'.

<Logo_ESPE.png, id=80, 471.7625pt x 426.59375pt>
File: Logo_ESPE.png Graphic file (type png)
<use Logo_ESPE.png>
Package pdftex.def Info: Logo_ESPE.png  used on input line 35.
(pdftex.def)             Requested size: 142.60454pt x 128.94899pt.
LaTeX Font Info:    External font `cmex10' loaded for size
(Font)              <10.95> on input line 47.
LaTeX Font Info:    External font `cmex10' loaded for size
(Font)              <8> on input line 47.
LaTeX Font Info:    External font `cmex10' loaded for size
(Font)              <6> on input line 47.


[1

{/var/lib/texmf/fonts/map/pdftex/updmap/pdftex.map} <./Logo_ESPE.png>]
(latex/00_informe_completo_entregables_iso25022_grupo6.toc)
\tf@toc=\write4
\openout4 = `00_informe_completo_entregables_iso25022_grupo6.toc'.



[1]
Underfull \hbox (badness 1681) in paragraph at lines 92--93
[]|\T1/cmr/m/n/10 Registro de in-ci-dentes en
 []

<mapa_square.png, id=119, 1582.713pt x 1076.46165pt>
File: mapa_square.png Graphic file (type png)
<use mapa_square.png>
Package pdftex.def Info: mapa_square.png  used on input line 100.
(pdftex.def)             Requested size: 366.69962pt x 249.40419pt.

Package caption Warning: The option `hypcap=true' will be ignored for this
(caption)                particular \caption on input line 101.
See the caption package documentation for explanation.



[1]
Underfull \hbox (badness 10000) in paragraph at lines 118--118
[]|\T1/cmr/m/n/10 Médico
 []


Underfull \hbox (badness 7777) in paragraph at lines 118--118
[]|\T1/cmr/m/n/10 Registrar una nota de
 []


Underfull \hbox (badness 5578) in paragraph at lines 118--118
\T1/cmr/m/n/10 con di-ag-nós-tico, in-di-ca-
 []


Underfull \hbox (badness 2894) in paragraph at lines 118--118
\T1/cmr/m/n/10 12:00, red in-terna de
 []


Underfull \hbox (badness 2359) in paragraph at lines 118--119
[]|\T1/cmr/m/n/10 Eficiencia: tiempo de
 []


Underfull \hbox (badness 1092) in paragraph at lines 118--119
\T1/cmr/m/n/10 pleti-tud. Sat-is-fac-ción:
 []


Underfull \hbox (badness 2875) in paragraph at lines 118--119
\T1/cmr/m/n/10 flu-idez. Lib-er-tad de
 []


Underfull \hbox (badness 10000) in paragraph at lines 118--119
\T1/cmr/m/n/10 Riesgo: in-for-ma-ción
 []


Underfull \hbox (badness 3396) in paragraph at lines 119--119
[]|\T1/cmr/m/n/10 Agendamiento de
 []


Underfull \hbox (badness 1264) in paragraph at lines 119--120
\T1/cmr/m/n/10 con-fi-anza. Cober-tura:
 []


Underfull \hbox (badness 10000) in paragraph at lines 120--120
[]|\T1/cmr/m/n/10 Facturación con
 []


Overfull \hbox (15.79573pt too wide) in paragraph at lines 120--120
\T1/cmr/m/n/10 misión/facturación| 
 []


Underfull \hbox (badness 10000) in paragraph at lines 120--120
[]|\T1/cmr/m/n/10 Generar fac-tura, val-i-
 []


Underfull \hbox (badness 10000) in paragraph at lines 120--120
\T1/cmr/m/n/10 dar con-ve-nio, proce-sar
 []


Underfull \hbox (badness 10000) in paragraph at lines 120--120
\T1/cmr/m/n/10 pago/copago y emi-tir
 []


Underfull \hbox (badness 10000) in paragraph at lines 120--120
[]|\T1/cmr/m/n/10 Punto de ad-misión,
 []


Underfull \hbox (badness 2343) in paragraph at lines 120--120
\T1/cmr/m/n/10 cierre de jor-nada, in-
 []


Underfull \hbox (badness 5862) in paragraph at lines 120--120
\T1/cmr/m/n/10 te-gración con sis-tema
 []


Overfull \hbox (7.08334pt too wide) in paragraph at lines 133--134
[]|\T1/cmr/bx/n/10 Prioridad| 
 []


Overfull \hbox (7.08334pt too wide) in paragraph at lines 137--138
[]|\T1/cmr/bx/n/10 Prioridad| 
 []


Underfull \hbox (badness 10000) in paragraph at lines 141--141
[]|\T1/cmr/m/n/10 Efectividad, Efi-cien-cia, Sat-is-fac-ción,
 []


Underfull \hbox (badness 10000) in paragraph at lines 144--144
[]|\T1/cmr/m/n/10 Dispensar medica-mento
 []


Underfull \hbox (badness 10000) in paragraph at lines 146--146
[]|\T1/cmr/m/n/10 Generar re-porte geren-cial
 []


Underfull \hbox (badness 1097) in paragraph at lines 147--147
[]|\T1/cmr/m/n/10 Actualizar datos per-son-ales
 []



[2 <./mapa_square.png>]
Overfull \hbox (15.6312pt too wide) in alignment at lines 161--165
 [] [] [] [] [] [] 
 []


Overfull \hbox (15.6312pt too wide) in alignment at lines 165--169
 [] [] [] [] [] [] 
 []


Overfull \hbox (50.19215pt too wide) in paragraph at lines 172--173
[]|\T1/cmr/m/n/10 encuesta_satisfaccion.csv| 
 []


Underfull \hbox (badness 1990) in paragraph at lines 173--173
[]|\T1/cmr/m/n/10 Tasa de er-rores de fac-
 []


Underfull \hbox (badness 3701) in paragraph at lines 173--173
[]|\T1/cmr/m/n/10 Errores de fac-turación /
 []


Overfull \hbox (26.19801pt too wide) in paragraph at lines 173--174
[]|\T1/cmr/m/n/10 incidentes_2025.csv| 
 []


Underfull \hbox (badness 1009) in paragraph at lines 174--174
[]|\T1/cmr/m/n/10 Mejor tiempo prome-dio /
 []


Overfull \hbox (15.6312pt too wide) in alignment at lines 169--176
 [] [] [] [] [] [] 
 []


Overfull \hbox (3.32835pt too wide) in paragraph at lines 195--195
[]|\T1/cmr/m/n/10 data/encuesta_satisfaccion.csv| 
 []


Underfull \hbox (badness 4859) in paragraph at lines 196--196
[]|\T1/cmr/m/n/10 Conversión desde clasi-fi-cación
 []



[3]
Overfull \hbox (3.41905pt too wide) in paragraph at lines 234--234
[]|\T1/cmr/m/n/10 convertir_incidentes_markdown.py| 
 []


Underfull \hbox (badness 1221) in paragraph at lines 234--235
[]|\T1/cmr/m/n/10 Reconstruye in-ci-dentes_2025.csv desde el
 []


Underfull \hbox (badness 4492) in paragraph at lines 281--281
[]|\T1/cmr/m/n/10 721 in-ci-dentes de Lib-er-tad de
 []


Underfull \hbox (badness 1173) in paragraph at lines 283--283
[]|\T1/cmr/m/n/10 3.01% de er-rores de fac-turación
 []


Underfull \hbox (badness 5345) in paragraph at lines 300--300
[]|\T1/cmr/m/n/10 Calidad, TI, Di-rec-ción
 []


Underfull \hbox (badness 10000) in paragraph at lines 303--303
[]|\T1/cmr/m/n/10 TI, Pro-ducto, Op-era-
 []



[4]

[5] (latex/00_informe_completo_entregables_iso25022_grupo6.aux)
 ***********
LaTeX2e <2024-11-01> patch level 2
L3 programming layer <2025-01-18>
 ***********
Package rerunfilecheck Info: File `00_informe_completo_entregables_iso25022_gru
po6.out' has not changed.
(rerunfilecheck)             Checksum: 651703A33DA3F4BABE8D4849CD6F320D;3880.
 ) 
Here is how much of TeX's memory you used:
 10916 strings out of 475178
 174033 string characters out of 5766539
 587949 words of memory out of 5000000
 33763 multiletter control sequences out of 15000+600000
 569295 words of font info for 55 fonts, out of 8000000 for 9000
 14 hyphenation exceptions out of 8191
 75i,6n,79p,579b,632s stack positions out of 10000i,1000n,20000p,200000b,200000s
 </tmp/texfonts/pk/ljfour/jknappen/ec/ecrm1000.600pk> </tmp/texfonts/pk/ljfou
r/jknappen/ec/ecbx1000.600pk> </tmp/texfonts/pk/ljfour/jknappen/ec/ecrm1095.600
pk> </tmp/texfonts/pk/ljfour/jknappen/ec/ecbx1095.600pk> </tmp/texfonts/pk/ljfo
ur/jknappen/ec/ecbx1200.600pk> </tmp/texfonts/pk/ljfour/jknappen/ec/ecbx1440.60
0pk> </tmp/texfonts/pk/ljfour/jknappen/ec/ecrm1200.600pk> </tmp/texfonts/pk/ljf
our/jknappen/ec/ecbx1728.600pk> </tmp/texfonts/pk/ljfour/jknappen/ec/ecrm1440.6
00pk></usr/share/texlive/texmf-dist/fonts/type1/public/amsfonts/cm/cmsy10.pfb>
Output written on latex/00_informe_completo_entregables_iso25022_grupo6.pdf (7 
pages, 891310 bytes).
PDF statistics:
 609 PDF objects out of 1000 (max. 8388607)
 186 compressed objects within 2 object streams
 39 named destinations out of 1000 (max. 500000)
 163 words of extra memory for PDF output out of 10000 (max. 10000000)

